[2020-12-21T03:15:02.296Z]  @firebase/database: FIREBASE WARNING: Firebase error. Please ensure that you spelled the name of your Firebase correctly (https://hors00-rtdb-default.firebaseio.com) 
PUPPETEER INITIALIZED
BROWSING INSTAGRAM
